// Jest Snapshot v1, https://goo.gl/fbAQLP

exports[`snapshot test 1`] = `
<div
  className="App_container"
>
  <h4
    className="message_default"
  >
    Pick your numbers
  </h4>
  <div
    className="Router_Navbar_container"
  >
    <div
      classname="Navbar"
      style={
        Object {
          "display": "flex",
        }
      }
    >
      <a
        aria-current="page"
        className="active"
        href="/"
        onClick={[Function]}
        style={
          Object {
            "backgroundColor": "rgb(54, 54, 54)",
            "display": "block",
            "padding": "1%",
            "textAlign": "center",
            "textDecoration": "none",
            "width": "10%",
          }
        }
      >
         01
      </a>
      <a
        aria-current={null}
        href="/02"
        onClick={[Function]}
        style={
          Object {
            "display": "block",
            "padding": "1%",
            "textAlign": "center",
            "textDecoration": "none",
            "width": "10%",
          }
        }
      >
         02
      </a>
      <a
        aria-current={null}
        href="/03"
        onClick={[Function]}
        style={
          Object {
            "display": "block",
            "padding": "1%",
            "textAlign": "center",
            "textDecoration": "none",
            "width": "10%",
          }
        }
      >
         03
      </a>
    </div>
    <div
      className="Router_container"
    >
      <div>
        <ol
          className="numbers_container"
        >
          <div
            className="numbers"
          >
            <li
              className={null}
              onClick={[Function]}
              value={0}
            >
              1
            </li>
          </div>
          <div
            className="numbers"
          >
            <li
              className={null}
              onClick={[Function]}
              value={1}
            >
              2
            </li>
          </div>
          <div
            className="numbers"
          >
            <li
              className={null}
              onClick={[Function]}
              value={2}
            >
              3
            </li>
          </div>
          <div
            className="numbers"
          >
            <li
              className={null}
              onClick={[Function]}
              value={3}
            >
              4
            </li>
          </div>
          <div
            className="numbers"
          >
            <li
              className={null}
              onClick={[Function]}
              value={4}
            >
              5
            </li>
          </div>
          <div
            className="numbers"
          >
            <li
              className={null}
              onClick={[Function]}
              value={5}
            >
              6
            </li>
          </div>
          <div
            className="numbers"
          >
            <li
              className={null}
              onClick={[Function]}
              value={6}
            >
              7
            </li>
          </div>
          <div
            className="numbers"
          >
            <li
              className={null}
              onClick={[Function]}
              value={7}
            >
              8
            </li>
          </div>
          <div
            className="numbers"
          >
            <li
              className={null}
              onClick={[Function]}
              value={8}
            >
              9
            </li>
          </div>
          <div
            className="numbers"
          >
            <li
              className={null}
              onClick={[Function]}
              value={9}
            >
              10
            </li>
          </div>
          <div
            className="numbers"
          >
            <li
              className={null}
              onClick={[Function]}
              value={10}
            >
              11
            </li>
          </div>
          <div
            className="numbers"
          >
            <li
              className={null}
              onClick={[Function]}
              value={11}
            >
              12
            </li>
          </div>
          <div
            className="numbers"
          >
            <li
              className={null}
              onClick={[Function]}
              value={12}
            >
              13
            </li>
          </div>
          <div
            className="numbers"
          >
            <li
              className={null}
              onClick={[Function]}
              value={13}
            >
              14
            </li>
          </div>
          <div
            className="numbers"
          >
            <li
              className={null}
              onClick={[Function]}
              value={14}
            >
              15
            </li>
          </div>
          <div
            className="numbers"
          >
            <li
              className={null}
              onClick={[Function]}
              value={15}
            >
              16
            </li>
          </div>
          <div
            className="numbers"
          >
            <li
              className={null}
              onClick={[Function]}
              value={16}
            >
              17
            </li>
          </div>
          <div
            className="numbers"
          >
            <li
              className={null}
              onClick={[Function]}
              value={17}
            >
              18
            </li>
          </div>
          <div
            className="numbers"
          >
            <li
              className={null}
              onClick={[Function]}
              value={18}
            >
              19
            </li>
          </div>
          <div
            className="numbers"
          >
            <li
              className={null}
              onClick={[Function]}
              value={19}
            >
              20
            </li>
          </div>
          <div
            className="numbers"
          >
            <li
              className={null}
              onClick={[Function]}
              value={20}
            >
              21
            </li>
          </div>
          <div
            className="numbers"
          >
            <li
              className={null}
              onClick={[Function]}
              value={21}
            >
              22
            </li>
          </div>
          <div
            className="numbers"
          >
            <li
              className={null}
              onClick={[Function]}
              value={22}
            >
              23
            </li>
          </div>
          <div
            className="numbers"
          >
            <li
              className={null}
              onClick={[Function]}
              value={23}
            >
              24
            </li>
          </div>
          <div
            className="numbers"
          >
            <li
              className={null}
              onClick={[Function]}
              value={24}
            >
              25
            </li>
          </div>
          <div
            className="numbers"
          >
            <li
              className={null}
              onClick={[Function]}
              value={25}
            >
              26
            </li>
          </div>
          <div
            className="numbers"
          >
            <li
              className={null}
              onClick={[Function]}
              value={26}
            >
              27
            </li>
          </div>
          <div
            className="numbers"
          >
            <li
              className={null}
              onClick={[Function]}
              value={27}
            >
              28
            </li>
          </div>
          <div
            className="numbers"
          >
            <li
              className={null}
              onClick={[Function]}
              value={28}
            >
              29
            </li>
          </div>
          <div
            className="numbers"
          >
            <li
              className={null}
              onClick={[Function]}
              value={29}
            >
              30
            </li>
          </div>
          <div
            className="numbers"
          >
            <li
              className={null}
              onClick={[Function]}
              value={30}
            >
              31
            </li>
          </div>
          <div
            className="numbers"
          >
            <li
              className={null}
              onClick={[Function]}
              value={31}
            >
              32
            </li>
          </div>
          <div
            className="numbers"
          >
            <li
              className={null}
              onClick={[Function]}
              value={32}
            >
              33
            </li>
          </div>
          <div
            className="numbers"
          >
            <li
              className={null}
              onClick={[Function]}
              value={33}
            >
              34
            </li>
          </div>
          <div
            className="numbers"
          >
            <li
              className={null}
              onClick={[Function]}
              value={34}
            >
              35
            </li>
          </div>
          <div
            className="numbers"
          >
            <li
              className={null}
              onClick={[Function]}
              value={35}
            >
              36
            </li>
          </div>
          <div
            className="numbers"
          >
            <li
              className={null}
              onClick={[Function]}
              value={36}
            >
              37
            </li>
          </div>
          <div
            className="numbers"
          >
            <li
              className={null}
              onClick={[Function]}
              value={37}
            >
              38
            </li>
          </div>
          <div
            className="numbers"
          >
            <li
              className={null}
              onClick={[Function]}
              value={38}
            >
              39
            </li>
          </div>
          <div
            className="numbers"
          >
            <li
              className={null}
              onClick={[Function]}
              value={39}
            >
              40
            </li>
          </div>
          <div
            className="numbers"
          >
            <li
              className={null}
              onClick={[Function]}
              value={40}
            >
              41
            </li>
          </div>
          <div
            className="numbers"
          >
            <li
              className={null}
              onClick={[Function]}
              value={41}
            >
              42
            </li>
          </div>
          <div
            className="numbers"
          >
            <li
              className={null}
              onClick={[Function]}
              value={42}
            >
              43
            </li>
          </div>
          <div
            className="numbers"
          >
            <li
              className={null}
              onClick={[Function]}
              value={43}
            >
              44
            </li>
          </div>
          <div
            className="numbers"
          >
            <li
              className={null}
              onClick={[Function]}
              value={44}
            >
              45
            </li>
          </div>
          <div
            className="numbers"
          >
            <li
              className={null}
              onClick={[Function]}
              value={45}
            >
              46
            </li>
          </div>
          <div
            className="numbers"
          >
            <li
              className={null}
              onClick={[Function]}
              value={46}
            >
              47
            </li>
          </div>
          <div
            className="numbers"
          >
            <li
              className={null}
              onClick={[Function]}
              value={47}
            >
              48
            </li>
          </div>
          <div
            className="numbers"
          >
            <li
              className={null}
              onClick={[Function]}
              value={48}
            >
              49
            </li>
          </div>
        </ol>
        <div
          className="grid_container"
        >
          <div />
          <div
            className="cost_area"
          >
            <div
              className="prices"
            >
              <h4>
                Board Price $ 
                0.00
              </h4>
              <h2>
                Total Price $
                0.00
              </h2>
            </div>
            <div>
              <button
                className="false"
              >
                Play All
              </button>
            </div>
          </div>
        </div>
      </div>
    </div>
  </div>
</div>
`;
